Executable      : siesta
Version         : #SIESTA_VERSION#
Architecture    : #CMAKE_SYSTEM_PROCESSOR#
Compiler version: #CMAKE_Fortran_COMPILER_ID#-#CMAKE_Fortran_COMPILER_VERSION#
Compiler flags  : #Fortran_FLAGS_CURRENT_multiline#
Parallelisations: none
NetCDF support
NetCDF-4 support
Lua support
DFT-D3 support

Runtime information:
* Directory : /Users/riccardo/Documenti/TuDelft/phd/Analysis_Code/DFT/dimer/test/runs/run000
* Running in serial mode.
>> Start of run:  28-MAR-2025  17:38:21

                           *********************** 
                           *  WELCOME TO SIESTA  * 
                           *********************** 

 NOTE: Siesta V5 introduces some new defaults for basis-set generation
 NOTE: which might lead to slightly different numerical results.
 NOTE: Please see the manual for full details and compatibility measures.


reinit: Reading from standard input
reinit: Dumping input in INPUT_TMP.63465
************************** Dump of input data file ****************************
#DON'T FORGET TO PUT THE .PSF FILE TO THE SAME DIRECTORY
SystemName          Dimer of Carbon                     # Name of the system we want to investigate
SystemLabel         dimer                            # name of output files
NumberOfAtoms       2                                # how many number in the unit cell? Dimer -> 2 atoms
NumberOfSpecies     1                                # how many different type of atoms? Dimer -> 1
%block ChemicalSpeciesLabel
 1  6  C        # Species index, atomic number, species label
%endblock ChemicalSpeciesLabel
# ----------------------
# STRUCTURAL INFORMATION
# ----------------------
LatticeConstant     1.0 Ang
%block LatticeVectors
   7.000000    0.000000    0.000000
    0.000000   7.000000    0.000000
    0.000000    0.000000   7.000000
%endblock LatticeVectors
AtomicCoordinatesFormat Ang
%block AtomicCoordinatesAndAtomicSpecies
    0.000000     0.000000     0.000000   1
    2.000000     0.000000     0.000000   1
%endblock AtomicCoordinatesAndAtomicSpecies
# --
# XC
# --
xc.functional	        GGA	
xc.authors		PBE	
# ----
# GRID
# ----
# MeshCutoff 		300. Ry
# ---------------
# Solution Method
# ---------------
SolutionMethod		diagon
ElectronicTemperature	300 K	
# ---
# SCF
# ---
SCF.DM.Tolerance         5.E-6
SCF.H.Tolerance          5.E-5 eV
SCF.Mix                  Hamiltonian
# SCF.Mix.Spin             all
SCF.Mixer.Method         Pulay
SCF.Mixer.Weight         0.15
SCF.Mixer.Kick           10
SCF.Mixer.History        20
MaxSCFIterations	     200
DM.UseSaveDM	     	 T
SaveHS                   T
# --
# MD
# --
MD.TypeOfRun   	        CG
MD.Steps                100
MD.MaxCGDispl           0.2 Ang #0.02 Ang
MD.UseSaveXV            T
MD.MaxForceTol          0.0001 eV/Ang
MD.MaxStressTol         0.0001 GPa
MD.TargetPressure       0.0001 GPa
# --------------
# OUTPUT OPTIONS
# --------------
WriteEigenvalues       F
WriteForces            T
WriteCoorStep          T
WriteCoorXmol          T     # generate the .xyz file 
WriteMDXmol            T     # generate the .ani file 
WriteMullikenPop       1
Write.HirshfeldPop     T
Write.VoronoiPop       T
Write.DM.NetCDF        T
Write.DMHS.NetCDF      T
************************** End of input data file *****************************

reinit: -----------------------------------------------------------------------
reinit: System Name: Dimer of Carbon
reinit: -----------------------------------------------------------------------
reinit: System Label: dimer
reinit: -----------------------------------------------------------------------

initatom: Reading input for the pseudopotentials and atomic orbitals ----------
Species number:   1 Atomic number:    6 Label: C

Ground state valence configuration (from tables):   2s02  2p02  3d00  4f00

---- Processing specs for species: C
Reading pseudopotential information in formatted form from:
  C.psf

---- Pseudopotential check for  C

Pseudized shells:
2s( 2.00) rc: 1.56
2p( 2.00) rc: 1.56
3d( 0.00) rc: 1.56
4f( 0.00) rc: 1.56
Valence configuration for ps generation: (assumed as above)
For C, standard SIESTA heuristics set lmxkb to 3
 (one more than the basis l, including polarization orbitals).
Use PS.lmax or PS.KBprojectors blocks to override.

<basis_specs>
===============================================================================
C                    Z=   6    Mass=  12.011        Charge= 0.17977+309
Lmxo=2 Lmxkb= 3    BasisType=split      Semic=F
L=0  Nsemic=0  Cnfigmx=2
          i=1  nzeta=2  polorb=0  (2s)
            splnorm:   0.15000    
               vcte:    40.000    
               rinn:  -0.90000    
               qcoe:    0.0000    
               qyuk:    0.0000    
               qwid:   0.10000E-01
                rcs:    0.0000      0.0000    
            lambdas:    1.0000      1.0000    
L=1  Nsemic=0  Cnfigmx=2
          i=1  nzeta=2  polorb=1  (2p)  (to be polarized perturbatively)
            splnorm:   0.15000    
               vcte:    40.000    
               rinn:  -0.90000    
               qcoe:    0.0000    
               qyuk:    0.0000    
               qwid:   0.10000E-01
                rcs:    0.0000      0.0000    
            lambdas:    1.0000      1.0000    
L=2  Nsemic=0  Cnfigmx=3
          i=1  nzeta=0  polorb=0  (3d)  (perturbative polarization orbital) (from 2p)
-------------------------------------------------------------------------------
L=0  Nkbl=1  erefs: 0.17977+309
L=1  Nkbl=1  erefs: 0.17977+309
L=2  Nkbl=1  erefs: 0.17977+309
L=3  Nkbl=1  erefs: 0.17977+309
===============================================================================
</basis_specs>

Using PAO.SplitTailNorm
atom: Called for C                     (Z =   6)
Maximum radius (at nrval) set to   50.00000 8518

read_vps: Pseudopotential generation method:
read_vps: ATM 3.2.2 Troullier-Martins                       
Valence charge in pseudo generation:    4.00000

xc_check: Exchange-correlation functional:
xc_check: GGA Perdew, Burke & Ernzerhof 1996
V l=0 = -2*Zval/r beyond r=  1.5347
V l=1 = -2*Zval/r beyond r=  1.5332
V l=2 = -2*Zval/r beyond r=  1.5347
V l=3 = -2*Zval/r beyond r=  1.5347
All V_l potentials equal beyond r=  1.4890
This should be close to max(r_c) in ps generation
All pots = -2*Zval/r beyond r=  1.5347
Using small-core scheme (local charge) for Vlocal

VLOCAL_FROM_CHLOCAL: 99.0% of the norm of Vloc inside     19.577 Ry
VLOCAL_FROM_CHLOCAL: 99.9% of the norm of Vloc inside     44.617 Ry
atom: Maximum radius for chlocal:    1.77931
atom: Maximum radius for r*vlocal+2*Zval:    1.63022

KBgen: Kleinman-Bylander projectors: 
GHOST: No ghost state for L =  0
   l= 0   rc=  1.646704   el= -1.010689   Ekb=  5.277734   kbcos=  0.315993
GHOST: No ghost state for L =  1
   l= 1   rc=  1.648361   el= -0.388490   Ekb= -4.115733   kbcos= -0.351483
GHOST: No ghost state for L =  2
   l= 2   rc=  1.735131   el=  0.012917   Ekb= -1.012311   kbcos= -0.009283
GHOST: No ghost state for L =  3
   l= 3   rc=  1.777521   el=  0.019225   Ekb= -0.424772   kbcos= -0.001204

KBgen: Total number of Kleinman-Bylander projectors:  16
atom: -------------------------------------------------------------------------

atom: SANKEY-TYPE ORBITALS:
atom: Selected multiple-zeta basis: split     

SPLIT: Orbitals with angular momentum L= 0

SPLIT: Basis orbitals for state 2s

SPLIT: PAO cut-off radius determined from an
SPLIT: energy shift=  0.010000 Ry
Split based on tail norm

   izeta = 1
                 lambda =    1.000000
                     rc =    4.484389
                 energy =   -0.999400
                kinetic =    0.879719
    potential(screened) =   -1.879119
       potential(ionic) =   -5.474723

   izeta = 2
                 rmatch =    3.048210
              splitnorm =    0.150000
                 energy =   -0.737057
                kinetic =    1.553917
    potential(screened) =   -2.290974
       potential(ionic) =   -6.191799

SPLIT: Orbitals with angular momentum L= 1

SPLIT: Basis orbitals for state 2p

SPLIT: PAO cut-off radius determined from an
SPLIT: energy shift=  0.010000 Ry
Split based on tail norm

   izeta = 1
                 lambda =    1.000000
                     rc =    5.435719
                 energy =   -0.377283
                kinetic =    2.459011
    potential(screened) =   -2.836294
       potential(ionic) =   -6.303833

   izeta = 2
                 rmatch =    3.691839
              splitnorm =    0.150000
                 energy =   -0.247686
                kinetic =    3.567780
    potential(screened) =   -3.815466
       potential(ionic) =   -7.634895

POLgen: Perturbative polarization orbital with L=  2

POLgen: Polarization orbital for state 2p
Split based on tail norm

   izeta = 1
                     rc =    5.435719
                 energy =    1.173953
                kinetic =    2.358612
    potential(screened) =   -1.184659
       potential(ionic) =   -4.054396
atom: Total number of Sankey-type orbitals: 13

atm_pop: Valence configuration (for local Pseudopot. screening):
 2s( 2.00)                                                            
 2p( 2.00)                                                            
 3d( 0.00)                                                            
Vna: chval, zval:    4.00000   4.00000

Vna:  Cut-off radius for the neutral-atom potential:   5.435719

atom: _________________________________________________________________________

prinput: Basis input 

PAO.BasisType split     

%block ChemicalSpeciesLabel
    1    6 C                       # Species index, atomic number, species label
%endblock ChemicalSpeciesLabel

%block PAO.Basis                 # Define Basis set
# WARNING: This information might be incomplete!
C                     2                    # Species label, number of l-shells
 n=2   0   2                         # n, l, Nzeta 
   4.484      3.048   
   1.000      1.000   
 n=2   1   2 P   1                   # n, l, Nzeta, Polarization, NzetaPol
   5.436      3.692   
   1.000      1.000   
%endblock PAO.Basis

prinput: ----------------------------------------------------------------------

Dumping basis to NetCDF file C.ion.nc
coor:   Atomic-coordinates input format  =     Cartesian coordinates
coor:                                          (in Angstroms)

siesta: WARNING: XV file not found

siesta: Atomic coordinates (Bohr) and species
siesta:      0.00000   0.00000   0.00000  1        1
siesta:      3.77945   0.00000   0.00000  1        2

siesta: System type = chain     

initatomlists: Number of atoms, orbitals, and projectors:      2    26    32

coxmol: Writing XMOL coordinates into file dimer.xyz                                                                                                                                                                                                                           

siesta: ******************** Simulation parameters ****************************
siesta:
siesta: The following are some of the parameters of the simulation.
siesta: A complete list of the parameters used, including default values,
siesta: can be found in file out.fdf
siesta:
redata: Spin configuration                          = none
redata: Number of spin components                   = 1
redata: Time-Reversal Symmetry                      = T
redata: Spin spiral                                 = F
redata: Long output                                 =   F
redata: Number of Atomic Species                    =        1
redata: Charge density info will appear in .RHO file
redata: Write Mulliken charges (when)               = geometry+end
redata: Write Mulliken Pop.                         = Atomic and Orbital charges
redata: Write Hirshfeld charges (when)              = end
redata: Write Voronoi charges (when)                = end
redata: Write spin charge (when)                    = none
redata: Matel table size (NRTAB)                    =     1024
redata: Mesh Cutoff                                 =   300.0000 Ry
redata: Net charge of the system                    =     0.0000 |e|
redata: Min. number of SCF Iter                     =        0
redata: Max. number of SCF Iter                     =      200
redata: SCF convergence failure will abort job
redata: SCF mix quantity                            = Hamiltonian
redata: Mix DM or H after convergence               =   F
redata: Recompute H after scf cycle                 =   F
redata: Mix DM in first SCF step                    =   T
redata: Write Pulay info on disk                    =   F
redata: New DM Occupancy tolerance                  = 0.000000000001
redata: No kicks to SCF
redata: DM Mixing Weight for Kicks                  =     0.5000
redata: Require Harris convergence for SCF          =   F
redata: Harris energy tolerance for SCF             =     0.000100 eV
redata: Require DM convergence for SCF              =   T
redata: DM tolerance for SCF                        =     0.000005
redata: Require EDM convergence for SCF             =   F
redata: EDM tolerance for SCF                       =     0.001000 eV
redata: Require H convergence for SCF               =   T
redata: Hamiltonian tolerance for SCF               =     0.000050 eV
redata: Require (free) Energy convergence for SCF   =   F
redata: (free) Energy tolerance for SCF             =     0.000100 eV
redata: Using DFT-D3 dispersion                     =   F
redata: Using Saved Data (generic)                  =   F
redata: Use continuation files for DM               =   T
redata: Neglect nonoverlap interactions             =   F
redata: Method of Calculation                       = Diagonalization
redata: Electronic Temperature                      =   300.0000 K
redata: Fix the spin of the system                  =   F
redata: Max. number of TDED Iter                    =        1
redata: Number of TDED substeps                     =        3
redata: Dynamics option                             = CG coord. optimization
redata: Variable cell                               =   F
redata: Use continuation files for CG               =   F
redata: Max atomic displ per move                   =     0.2000 Ang
redata: Maximum number of optimization moves        =      100
redata: Force tolerance                             =     0.0001 eV/Ang
mix.SCF: Pulay mixing                            = Pulay
mix.SCF:    Variant                              = stable
mix.SCF:    History steps                        = 9
mix.SCF:    Linear mixing weight                 =     0.150000
mix.SCF:    Mixing weight                        =     0.150000
mix.SCF:    SVD condition                        = 0.1000E-07
mix.SCF:    Restart steps                        = 9
mix.SCF:    Restart save steps                   = 1
mix.SCF:    Number of mixing iterations          = 9
mix.SCF:    Following mixer                      = Linear-Kick
mix.SCF: Linear mixing                           = Linear-Kick
mix.SCF:    Mixing weight                        =     0.500000
mix.SCF:    Number of mixing iterations          = 1
mix.SCF:    Following mixer                      = Pulay
redata: Save all siesta data in one NC              =   F
redata: ***********************************************************************

%block SCF.Mixers
  Pulay
  Linear-Kick
%endblock SCF.Mixers

%block SCF.Mixer.Pulay
  # Mixing method
  method pulay
  variant stable

  # Mixing options
  weight 0.1500
  weight.linear 0.1500
  history 9
  restart 9
  restart.save 1

  # Continuation options
  iterations 9
  next Linear-Kick
%endblock SCF.Mixer.Pulay

%block SCF.Mixer.Linear-Kick
  # Mixing method
  method linear

  # Mixing options
  weight 0.5000

  # Continuation options
  iterations 1
  next Pulay
%endblock SCF.Mixer.Linear-Kick

DM_history_depth set to one: no extrapolation allowed by default for geometry relaxation
Size of DM history Fstack: 1
Total number of electrons:     8.000000
Total ionic charge:     8.000000

siesta: k-grid: Number of k-points = 1
siesta: k-point is Gamma-only

diag: Algorithm                                     = D&C
diag: Used triangular part                          = Lower
diag: Absolute tolerance                            =  0.100E-15
diag: Orthogonalization factor                      =  0.100E-05
diag: Memory factor                                 =  1.0000


ts: **************************************************************
ts: Save H and S matrices                           =    F
ts: Save DM and EDM matrices                        =    F
ts: Only save the overlap matrix S                  =    F
ts: **************************************************************

************************ Begin: TS CHECKS AND WARNINGS ************************
************************ End: TS CHECKS AND WARNINGS **************************


                     ====================================
                        Begin CG opt. move =      0
                     ====================================

outcoor: Atomic coordinates (Ang):                          
    0.00000000    0.00000000    0.00000000   1       1  C
    2.00000000    0.00000000    0.00000000   1       2  C

outcell: Unit cell vectors (Ang):
        7.000000    0.000000    0.000000
        0.000000    7.000000    0.000000
        0.000000    0.000000    7.000000

outcell: Cell vector modules (Ang)   :    7.000000    7.000000    7.000000
outcell: Cell angles (23,13,12) (deg):     90.0000     90.0000     90.0000
outcell: Cell volume (Ang**3)        :    343.0000
Gamma-point calculation with multiply-connected orbital pairs
Folding of H and S implicitly performed
<dSpData1D:S at geom step 0
  <sparsity:sparsity for geom step 0
    nrows_g=26 nrows=26 sparsity=1.0000 nnzs=676, refcount: 7>
  <dData1D:(new from dSpData1D) n=676, refcount: 1>
refcount: 1>
new_DM -- step:     1
Initializing Density Matrix...

Attempting to read DM from file... Failed...
DM filled with atomic data:
<dSpData2D:DM initialized from atoms
  <sparsity:sparsity for geom step 0
    nrows_g=26 nrows=26 sparsity=1.0000 nnzs=676, refcount: 8>
  <dData2D:DM n=676 m=1, refcount: 1>
refcount: 1>
No. of atoms with KB's overlaping orbs in proc 0. Max # of overlaps:       2      26

InitMesh: MESH = 80 x 80 x 80 = 512000
InitMesh: Mesh cutoff (required, used) =   300.000   360.982 Ry
New grid distribution [1]: sub = 2

stepf: Fermi-Dirac step function

siesta: Program's energy decomposition (eV):
siesta: Ebs     =       -77.668598
siesta: Eions   =       522.735435
siesta: Ena     =       129.073842
siesta: Ekin    =       167.416730
siesta: Enl     =         1.874409
siesta: Eso     =         0.000000
siesta: Edftu   =         0.000000
siesta: DEna    =         7.159741
siesta: DUscf   =         0.824019
siesta: DUext   =         0.000000
siesta: Ex      =       -72.858108
siesta: Ec      =        -6.780068
siesta: Exc     =       -79.638176
siesta: EbV     =         0.000000
siesta: eta*DQ  =         0.000000
siesta: Emadel  =         0.000000
siesta: Emeta   =         0.000000
siesta: Emolmec =         0.000000
siesta: Ekinion =         0.000000
siesta: Eharris =      -299.268507
siesta: Etot    =      -296.024869
siesta: FreeEng =      -296.096546

        iscf     Eharris(eV)        E_KS(eV)     FreeEng(eV)     dDmax    Ef(eV) dHmax(eV)
   scf:    1     -299.268507     -296.024869     -296.096546  0.629491 -5.074609  0.924092
timer: Routine,Calls,Time,% = IterSCF        1       0.516  20.67
   scf:    2     -296.101556     -296.064358     -296.136035  0.013829 -5.193313  0.699655
   scf:    3     -296.147031     -296.114792     -296.186469  0.037708 -5.532422  0.069191
   scf:    4     -296.116686     -296.115781     -296.187464  0.012613 -5.556471  0.015377
   scf:    5     -296.115769     -296.115775     -296.187458  0.000169 -5.556380  0.016961
   scf:    6     -296.115833     -296.115808     -296.187491  0.001126 -5.554881  0.003736
   scf:    7     -296.115810     -296.115809     -296.187492  0.000271 -5.554408  0.000308
   scf:    8     -296.115810     -296.115809     -296.187492  0.000026 -5.554224  0.000066
mix: Pulay -- inversion failed, > SVD [rank/size] 5 / 7
   scf:    9     -296.115809     -296.115809     -296.187492  0.000003 -5.554222  0.000002

SCF Convergence by DM+H criterion
max |DM_out - DM_in|         :     0.0000030082
max |H_out - H_in|      (eV) :     0.0000024515
SCF cycle converged after 9 iterations

Using DM_out to compute the final energy and forces
No. of atoms with KB's overlaping orbs in proc 0. Max # of overlaps:       2      26

siesta: E_KS(eV) =             -296.1158

siesta: E_KS - E_eggbox =      -296.1158

siesta: Atomic forces (eV/Ang):
     1    5.149089    0.000000    0.000000
     2   -5.152425    0.000000   -0.000000
----------------------------------------
   Tot   -0.003337    0.000000   -0.000000
----------------------------------------
   Max    5.152425
   Res    2.973791    sqrt( Sum f_i^2 / 3N )
----------------------------------------
   Max    5.152425    constrained

Stress tensor Voigt[x,y,z,yz,xz,xy] (kbar):       50.13       -0.00       -0.00       -0.00       -0.00        0.00
(Free)E + p*V (eV/cell)     -299.7645
Target enthalpy (eV/cell)     -296.1873

mulliken: Atomic and Orbital Populations:

Species: C                   
Atom  Qatom  Qorb
               2s      2s      2py     2pz     2px     2py     2pz     2px     
               3Pdxy   3Pdyz   3Pdz2   3Pdxz   3Pdx2-y2
   1  4.000   1.850   0.046   0.514   0.514   1.002  -0.018  -0.018   0.084
              0.005   0.000   0.004   0.005   0.013
   2  4.000   1.850   0.046   0.514   0.514   1.002  -0.018  -0.018   0.084
              0.005   0.000   0.004   0.005   0.013

mulliken: Qtot =        8.000

Mulliken Atomic Populations:
Atom #   charge [q] valence [e]  Species
     1     0.000004    3.999996  C
     2    -0.000004    4.000004  C
--------------------
 Total     0.000000

                     ====================================
                        Begin CG opt. move =      1
                     ====================================

outcoor: Atomic coordinates (Ang):                          
    0.14137554    0.00000000    0.00000000   1       1  C
    1.85853284    0.00000000   -0.00000000   1       2  C

outcell: Unit cell vectors (Ang):
        7.000000    0.000000    0.000000
        0.000000    7.000000    0.000000
        0.000000    0.000000    7.000000

outcell: Cell vector modules (Ang)   :    7.000000    7.000000    7.000000
outcell: Cell angles (23,13,12) (deg):     90.0000     90.0000     90.0000
outcell: Cell volume (Ang**3)        :    343.0000
Gamma-point calculation with multiply-connected orbital pairs
Folding of H and S implicitly performed
<dSpData1D:S at geom step 1
  <sparsity:sparsity for geom step 1
    nrows_g=26 nrows=26 sparsity=1.0000 nnzs=676, refcount: 7>
  <dData1D:(new from dSpData1D) n=676, refcount: 1>
refcount: 1>
new_DM -- step:     2
Re-using DM from previous geometries...
Number of DMs in history: 1
 DM extrapolation coefficients: 
1   1.00000
New DM after history re-use:
<dSpData2D:SpM extrapolated using coords
  <sparsity:sparsity for geom step 1
    nrows_g=26 nrows=26 sparsity=1.0000 nnzs=676, refcount: 9>
  <dData2D:(temp array for extrapolation) n=676 m=1, refcount: 1>
refcount: 1>
Note: For starting DM, Qtot, Tr[D*S] =          8.00000000          8.22246726
No. of atoms with KB's overlaping orbs in proc 0. Max # of overlaps:       2      26

InitMesh: MESH = 80 x 80 x 80 = 512000
InitMesh: Mesh cutoff (required, used) =   300.000   360.982 Ry
New grid distribution [1]: sub = 2

        iscf     Eharris(eV)        E_KS(eV)     FreeEng(eV)     dDmax    Ef(eV) dHmax(eV)
   scf:    1     -296.265043     -297.536827     -297.608749  0.230150 -6.124879  0.940059
   scf:    2     -291.145459     -295.651721     -295.651944  0.538198 -6.168154  2.531651
   scf:    3     -297.439457     -297.650850     -297.740021  0.476629 -6.190908  0.326951
   scf:    4     -295.242815     -296.894467     -296.962847  0.337866 -6.221566  1.275388
   scf:    5     -296.371717     -296.641034     -296.691595  0.050927 -6.198778  1.433295
   scf:    6     -295.506384     -296.097230     -296.104413  0.075877 -6.149809  1.870176
   scf:    7     -295.796966     -295.948891     -295.951146  0.012431 -6.154178  2.065711
   scf:    8     -296.671059     -297.570595     -297.642276  0.486253 -6.286723  0.582790
   scf:    9     -297.570125     -297.570361     -297.642041  0.005447 -6.273527  0.586470
mix: Pulay -- resetting history
mix: switching mixer --> Linear-Kick
